Traceback (most recent call last):
  File "/home/kavia/workspace/code-generation/taskflow-62418-23cebca8/todo_backend/venv/bin/uvicorn", line 8, in <module>
    sys.exit(main())
             ^^^^^^
  File "/home/kavia/workspace/code-generation/taskflow-62418-23cebca8/todo_backend/venv/lib/python3.12/site-packages/click/core.py", line 1161, in __call__
    return self.main(*args, **kwargs)
           ^^^^^^^^^^^^^^^^^^^^^^^^^^
  File "/home/kavia/workspace/code-generation/taskflow-62418-23cebca8/todo_backend/venv/lib/python3.12/site-packages/click/core.py", line 1082, in main
    rv = self.invoke(ctx)
         ^^^^^^^^^^^^^^^^
  File "/home/kavia/workspace/code-generation/taskflow-62418-23cebca8/todo_backend/venv/lib/python3.12/site-packages/click/core.py", line 1443, in invoke
    return ctx.invoke(self.callback, **ctx.params)
           ^^^^^^^^^^^^^^^^^^^^^^^^^^^^^^^^^^^^^^^
  File "/home/kavia/workspace/code-generation/taskflow-62418-23cebca8/todo_backend/venv/lib/python3.12/site-packages/click/core.py", line 788, in invoke
    return __callback(*args, **kwargs)
           ^^^^^^^^^^^^^^^^^^^^^^^^^^^
  File "/home/kavia/workspace/code-generation/taskflow-62418-23cebca8/todo_backend/venv/lib/python3.12/site-packages/uvicorn/main.py", line 412, in main
    run(
  File "/home/kavia/workspace/code-generation/taskflow-62418-23cebca8/todo_backend/venv/lib/python3.12/site-packages/uvicorn/main.py", line 579, in run
    server.run()
  File "/home/kavia/workspace/code-generation/taskflow-62418-23cebca8/todo_backend/venv/lib/python3.12/site-packages/uvicorn/server.py", line 66, in run
    return asyncio.run(self.serve(sockets=sockets))
           ^^^^^^^^^^^^^^^^^^^^^^^^^^^^^^^^^^^^^^^^
  File "/usr/lib/python3.12/asyncio/runners.py", line 194, in run
    return runner.run(main)
           ^^^^^^^^^^^^^^^^
  File "/usr/lib/python3.12/asyncio/runners.py", line 118, in run
    return self._loop.run_until_complete(task)
           ^^^^^^^^^^^^^^^^^^^^^^^^^^^^^^^^^^^
  File "uvloop/loop.pyx", line 1518, in uvloop.loop.Loop.run_until_complete
  File "/home/kavia/workspace/code-generation/taskflow-62418-23cebca8/todo_backend/venv/lib/python3.12/site-packages/uvicorn/server.py", line 70, in serve
    await self._serve(sockets)
  File "/home/kavia/workspace/code-generation/taskflow-62418-23cebca8/todo_backend/venv/lib/python3.12/site-packages/uvicorn/server.py", line 77, in _serve
    config.load()
  File "/home/kavia/workspace/code-generation/taskflow-62418-23cebca8/todo_backend/venv/lib/python3.12/site-packages/uvicorn/config.py", line 435, in load
    self.loaded_app = import_from_string(self.app)
                      ^^^^^^^^^^^^^^^^^^^^^^^^^^^^
  File "/home/kavia/workspace/code-generation/taskflow-62418-23cebca8/todo_backend/venv/lib/python3.12/site-packages/uvicorn/importer.py", line 19, in import_from_string
    module = importlib.import_module(module_str)
             ^^^^^^^^^^^^^^^^^^^^^^^^^^^^^^^^^^^
  File "/usr/lib/python3.12/importlib/__init__.py", line 90, in import_module
    return _bootstrap._gcd_import(name[level:], package, level)
           ^^^^^^^^^^^^^^^^^^^^^^^^^^^^^^^^^^^^^^^^^^^^^^^^^^^^
  File "<frozen importlib._bootstrap>", line 1387, in _gcd_import
  File "<frozen importlib._bootstrap>", line 1360, in _find_and_load
  File "<frozen importlib._bootstrap>", line 1331, in _find_and_load_unlocked
  File "<frozen importlib._bootstrap>", line 935, in _load_unlocked
  File "<frozen importlib._bootstrap_external>", line 995, in exec_module
  File "<frozen importlib._bootstrap>", line 488, in _call_with_frames_removed
  File "/home/kavia/workspace/code-generation/taskflow-62418-23cebca8/todo_backend/src/api/main.py", line 207, in <module>
    @app.patch(
     ^^^^^^^^^^
  File "/home/kavia/workspace/code-generation/taskflow-62418-23cebca8/todo_backend/venv/lib/python3.12/site-packages/fastapi/routing.py", line 994, in decorator
    self.add_api_route(
  File "/home/kavia/workspace/code-generation/taskflow-62418-23cebca8/todo_backend/venv/lib/python3.12/site-packages/fastapi/routing.py", line 933, in add_api_route
    route = route_class(
            ^^^^^^^^^^^^
  File "/home/kavia/workspace/code-generation/taskflow-62418-23cebca8/todo_backend/venv/lib/python3.12/site-packages/fastapi/routing.py", line 554, in __init__
    self.dependant = get_dependant(path=self.path_format, call=self.endpoint)
                     ^^^^^^^^^^^^^^^^^^^^^^^^^^^^^^^^^^^^^^^^^^^^^^^^^^^^^^^^
  File "/home/kavia/workspace/code-generation/taskflow-62418-23cebca8/todo_backend/venv/lib/python3.12/site-packages/fastapi/dependencies/utils.py", line 313, in get_dependant
    add_param_to_fields(field=param_details.field, dependant=dependant)
  File "/home/kavia/workspace/code-generation/taskflow-62418-23cebca8/todo_backend/venv/lib/python3.12/site-packages/fastapi/dependencies/utils.py", line 524, in add_param_to_fields
    assert field_info_in == params.ParamTypes.cookie, (
           ^^^^^^^^^^^^^^^^^^^^^^^^^^^^^^^^^^^^^^^^^
AssertionError: non-body parameters must be in path, query, header or cookie: is_completed
